NAMESPACE            NAME                                             READY   STATUS    RESTARTS   AGE
ingress-nginx        pod/ingress-nginx-controller-54754544b9-rfnps    1/1     Running   0          21m
kube-system          pod/coredns-589f44dc88-jdtg8                     1/1     Running   0          23m
kube-system          pod/coredns-589f44dc88-pmwv4                     1/1     Running   0          23m
kube-system          pod/etcd-kind-control-plane                      1/1     Running   0          23m
kube-system          pod/kindnet-6mhbm                                1/1     Running   0          23m
kube-system          pod/kindnet-lgvv9                                1/1     Running   0          23m
kube-system          pod/kindnet-mvh84                                1/1     Running   0          23m
kube-system          pod/kindnet-qnxj2                                1/1     Running   0          23m
kube-system          pod/kindnet-rgt4s                                1/1     Running   0          23m
kube-system          pod/kindnet-v4wjs                                1/1     Running   0          23m
kube-system          pod/kindnet-v6nb5                                1/1     Running   0          23m
kube-system          pod/kube-apiserver-kind-control-plane            1/1     Running   0          23m
kube-system          pod/kube-controller-manager-kind-control-plane   1/1     Running   0          23m
kube-system          pod/kube-proxy-24lz6                             1/1     Running   0          23m
kube-system          pod/kube-proxy-2bjkr                             1/1     Running   0          23m
kube-system          pod/kube-proxy-dxjrj                             1/1     Running   0          23m
kube-system          pod/kube-proxy-f6lgp                             1/1     Running   0          23m
kube-system          pod/kube-proxy-ns9zv                             1/1     Running   0          23m
kube-system          pod/kube-proxy-pwjmz                             1/1     Running   0          23m
kube-system          pod/kube-proxy-tmnjp                             1/1     Running   0          23m
kube-system          pod/kube-scheduler-kind-control-plane            1/1     Running   0          23m
kube-system          pod/metrics-server-55bf4495db-nnlct              1/1     Running   0          20m
local-path-storage   pod/local-path-provisioner-855c7b7774-qhfcl      1/1     Running   0          23m
mysql                pod/mysql-0                                      1/1     Running   0          12m
mysql                pod/mysql-1                                      1/1     Running   0          7m7s
todoapp              pod/todoapp-7554998777-s9w8b                     1/1     Running   0          5m20s
todoapp              pod/todoapp-7554998777-ttmk7                     1/1     Running   0          5m20s

NAMESPACE       NAME                                         TYPE           CLUSTER-IP      EXTERNAL-IP   PORT(S)                      AGE
default         service/kubernetes                           ClusterIP      10.96.0.1       <none>        443/TCP                      23m
ingress-nginx   service/ingress-nginx-controller             LoadBalancer   10.96.218.66    <pending>     80:32339/TCP,443:32644/TCP   21m
ingress-nginx   service/ingress-nginx-controller-admission   ClusterIP      10.96.200.120   <none>        443/TCP                      21m
kube-system     service/kube-dns                             ClusterIP      10.96.0.10      <none>        53/UDP,53/TCP,9153/TCP       23m
kube-system     service/metrics-server                       ClusterIP      10.96.168.111   <none>        443/TCP                      20m
mysql           service/mysql                                ClusterIP      None            <none>        3306/TCP                     12m
todoapp         service/todoapp-nodeport                     NodePort       10.96.193.120   <none>        80:30007/TCP                 12m
todoapp         service/todoapp-service                      ClusterIP      10.96.229.14    <none>        80/TCP                       12m

NAMESPACE     NAME                        DESIRED   CURRENT   READY   UP-TO-DATE   AVAILABLE   NODE SELECTOR            AGE
kube-system   daemonset.apps/kindnet      7         7         7       7            7           kubernetes.io/os=linux   23m
kube-system   daemonset.apps/kube-proxy   7         7         7       7            7           kubernetes.io/os=linux   23m

NAMESPACE            NAME                                       READY   UP-TO-DATE   AVAILABLE   AGE
ingress-nginx        deployment.apps/ingress-nginx-controller   1/1     1            1           21m
kube-system          deployment.apps/coredns                    2/2     2            2           23m
kube-system          deployment.apps/metrics-server             1/1     1            1           20m
local-path-storage   deployment.apps/local-path-provisioner     1/1     1            1           23m
todoapp              deployment.apps/todoapp                    2/2     2            2           12m

NAMESPACE            NAME                                                  DESIRED   CURRENT   READY   AGE
ingress-nginx        replicaset.apps/ingress-nginx-controller-54754544b9   1         1         1       21m
kube-system          replicaset.apps/coredns-589f44dc88                    2         2         2       23m
kube-system          replicaset.apps/metrics-server-55bf4495db             1         1         1       20m
kube-system          replicaset.apps/metrics-server-5f58d44967             0         0         0       20m
local-path-storage   replicaset.apps/local-path-provisioner-855c7b7774     1         1         1       23m
todoapp              replicaset.apps/todoapp-7554998777                    2         2         2       5m20s
todoapp              replicaset.apps/todoapp-fbffbbc8d                     0         0         0       12m

NAMESPACE   NAME                     READY   AGE
mysql       statefulset.apps/mysql   2/2     12m

NAMESPACE   NAME                                          REFERENCE            TARGETS                         MINPODS   MAXPODS   REPLICAS   AGE
todoapp     horizontalpodautoscaler.autoscaling/todoapp   Deployment/todoapp   cpu: 16%/70%, memory: 31%/70%   2         5         2          12m

NAMESPACE            NAME                                                             DATA   AGE
default              configmap/kube-root-ca.crt                                       1      23m
ingress-nginx        configmap/ingress-nginx-controller                               0      21m
ingress-nginx        configmap/kube-root-ca.crt                                       1      21m
kube-node-lease      configmap/kube-root-ca.crt                                       1      23m
kube-public          configmap/cluster-info                                           2      23m
kube-public          configmap/kube-root-ca.crt                                       1      23m
kube-system          configmap/coredns                                                1      23m
kube-system          configmap/extension-apiserver-authentication                     6      23m
kube-system          configmap/kube-apiserver-legacy-service-account-token-tracking   1      23m
kube-system          configmap/kube-proxy                                             2      23m
kube-system          configmap/kube-root-ca.crt                                       1      23m
kube-system          configmap/kubeadm-config                                         1      23m
kube-system          configmap/kubelet-config                                         1      23m
local-path-storage   configmap/kube-root-ca.crt                                       1      23m
local-path-storage   configmap/local-path-config                                      4      23m
mysql                configmap/kube-root-ca.crt                                       1      12m
mysql                configmap/mysql                                                  1      12m
todoapp              configmap/kube-root-ca.crt                                       1      12m
todoapp              configmap/todoapp-config                                         1      12m

NAMESPACE       NAME                                   TYPE                            DATA   AGE
default         secret/sh.helm.release.v1.todoapp.v1   helm.sh/release.v1              1      19m
default         secret/sh.helm.release.v1.todoapp.v2   helm.sh/release.v1              1      12m
default         secret/sh.helm.release.v1.todoapp.v3   helm.sh/release.v1              1      5m39s
ingress-nginx   secret/ingress-nginx-admission         Opaque                          3      21m
kube-system     secret/bootstrap-token-abcdef          bootstrap.kubernetes.io/token   6      23m
mysql           secret/mysql-secrets                   Opaque                          3      12m
todoapp         secret/todoapp-secret                  Opaque                          5      12m

NAMESPACE   NAME                                        CLASS   HOSTS   ADDRESS     PORTS   AGE
todoapp     ingress.networking.k8s.io/todoapp-ingress   nginx   *       localhost   80      12m
